.next/dev/types/validator.ts(288,31): error TS2344: Type 'typeof import("C:/WebDev/hackathon/IIjammu/test-2/app/api/projects/[id]/route")' does not satisfy the constraint 'RouteHandlerConfig<"/api/projects/[id]">'.
  Types of property 'PATCH' are incompatible.
    Type '(req: NextRequest, { params }: { params: { id: string; }; }) => Promise<NextResponse<{ error: string; }> | NextResponse<{ message: string; }> | undefined>' is not assignable to type '(request: NextRequest, context: { params: Promise<{ id: string; }>; }) => void | Response | Promise<void | Response>'.
      Types of parameters '__1' and 'context' are incompatible.
        Type '{ params: Promise<{ id: string; }>; }' is not assignable to type '{ params: { id: string; }; }'.
          Types of property 'params' are incompatible.
            Property 'id' is missing in type 'Promise<{ id: string; }>' but required in type '{ id: string; }'.
.next/dev/types/validator.ts(315,31): error TS2344: Type 'typeof import("C:/WebDev/hackathon/IIjammu/test-2/app/api/tasks/[id]/route")' does not satisfy the constraint 'RouteHandlerConfig<"/api/tasks/[id]">'.
  Types of property 'PATCH' are incompatible.
    Type '(req: NextRequest, { params }: { params: { id: string; }; }) => Promise<NextResponse<{ error: string; }> | NextResponse<{ message: string; }>>' is not assignable to type '(request: NextRequest, context: { params: Promise<{ id: string; }>; }) => void | Response | Promise<void | Response>'.
      Types of parameters '__1' and 'context' are incompatible.
        Type '{ params: Promise<{ id: string; }>; }' is not assignable to type '{ params: { id: string; }; }'.
          Types of property 'params' are incompatible.
            Property 'id' is missing in type 'Promise<{ id: string; }>' but required in type '{ id: string; }'.
app/api/task-comments/route.ts(105,77): error TS7053: Element implicitly has an 'any' type because expression of type '0' can't be used to index type 'QueryResult'.
  Property '0' does not exist on type 'QueryResult'.
app/api/workspaces/route.ts(87,20): error TS7053: Element implicitly has an 'any' type because expression of type '0' can't be used to index type 'QueryResult'.
  Property '0' does not exist on type 'QueryResult'.
lib/auth.ts(34,14): error TS2769: No overload matches this call.
  Overload 1 of 5, '(payload: string | object | Buffer<ArrayBufferLike>, secretOrPrivateKey: null, options?: (SignOptions & { algorithm: "none"; }) | undefined): string', gave the following error.
    Argument of type 'string' is not assignable to parameter of type 'null'.
  Overload 2 of 5, '(payload: string | object | Buffer<ArrayBufferLike>, secretOrPrivateKey: Buffer<ArrayBufferLike> | Secret | PrivateKeyInput | JsonWebKeyInput, options?: SignOptions | undefined): string', gave the following error.
    Type 'string' is not assignable to type 'number | StringValue | undefined'.
  Overload 3 of 5, '(payload: string | object | Buffer<ArrayBufferLike>, secretOrPrivateKey: Buffer<ArrayBufferLike> | Secret | PrivateKeyInput | JsonWebKeyInput, callback: SignCallback): void', gave the following error.
    Object literal may only specify known properties, and 'expiresIn' does not exist in type 'SignCallback'.
lib/db.ts(3,20): error TS2769: No overload matches this call.
  Overload 1 of 2, '(connectionUri: string): Pool', gave the following error.
    Argument of type '{ host: string; port: number; user: string; password: string; database: string; waitForConnections: boolean; connectionLimit: number; queueLimit: number; enableKeepAlive: boolean; keepAliveInitialDelayMs: number; }' is not assignable to parameter of type 'string'.
  Overload 2 of 2, '(config: PoolOptions): Pool', gave the following error.
    Object literal may only specify known properties, but 'keepAliveInitialDelayMs' does not exist in type 'PoolOptions'. Did you mean to write 'keepAliveInitialDelay'?
